2026-10-01 00:58:25,081 - INFO - Buscando dados do Fundamentus...
2026-10-01 00:58:25,274 - INFO - Sucesso: Dados do Fundamentus salvos na camada Bronze!
2026-10-01 00:58:25,274 - INFO - Gerando carteira recomendada (Elite Fundamentalista)...
2026-10-01 00:58:25,276 - INFO - Carteira Elite gerada com 20 ativos após aplicação dos filtros.
2026-10-01 00:58:25,279 - INFO -  Camada Ouro: Carteira Elite gerada com 20 ativos!
2026-10-01 00:58:25,279 - INFO - Buscando indicadores: BBAS3.SA...
2026-10-01 00:58:25,570 - INFO - Buscando indicadores: CASH3.SA...
2026-10-01 00:58:25,746 - INFO - Buscando indicadores: CMIG4.SA...
2026-10-01 00:58:25,922 - INFO - Buscando indicadores: EMBJ3.SA...
2026-10-01 00:58:26,060 - INFO - Buscando indicadores: GPUS11.SA...
2026-10-01 00:58:26,191 - INFO - Buscando indicadores: ISAE4.SA...
2026-10-01 00:58:26,519 - INFO - Buscando indicadores: ITSA4.SA...
2026-10-01 00:58:26,657 - INFO - Buscando indicadores: ITUB4.SA...
2026-10-01 00:58:26,853 - INFO - Buscando indicadores: LAVV3.SA...
2026-10-01 00:58:26,994 - INFO - Buscando indicadores: PETR4.SA...
2026-10-01 00:58:27,131 - INFO - Buscando indicadores: PINE4.SA...
2026-10-01 00:58:27,281 - INFO - Buscando indicadores: POMO3.SA...
2026-10-01 00:58:27,460 - INFO - Buscando indicadores: ROXO34.SA...
2026-10-01 00:58:27,640 - INFO - Buscando indicadores: VALE3.SA...
2026-10-01 00:58:27,793 - INFO - Buscando indicadores: VBBR3.SA...
2026-10-01 00:58:27,946 - INFO - Buscando indicadores: WEGE3.SA...
2026-10-01 00:58:28,093 - INFO - Buscando indicadores: NVDA...
2026-10-01 00:58:28,238 - INFO - Buscando indicadores: BUD...
2026-10-01 00:58:28,386 - INFO - Buscando indicadores: KO...
2026-10-01 00:58:28,541 - INFO - Buscando indicadores: AMZN...
2026-10-01 00:58:28,723 - INFO - Buscando indicadores: NU...
2026-10-01 00:58:28,935 - INFO - Buscando indicadores: KO...
2026-10-01 00:58:28,945 - INFO - Buscando indicadores: DIS...
2026-10-01 00:58:29,123 - INFO - Iniciando validação de qualidade: data_lake/bronze/fundamentalista_20261001.parquet...
2026-10-01 00:58:29,135 - WARNING - Aviso: Encontrados 3 tickers com P/L nulo.
2026-10-01 00:58:29,135 - INFO -  Data quality check: Aprovado!
2026-10-01 00:58:29,139 - INFO - Baixando histórico de preços...
2026-10-01 00:58:30,063 - INFO - Camada Silver: Preços históricos normalizados.
2026-10-01 00:58:30,063 - INFO - Otimizando carteira profissional para 22 ativos...
2026-10-01 00:58:30,453 - INFO - Otimização concluída via Programação Quadrática (Max Sharpe).
2026-10-01 00:58:30,456 - INFO - Calculando Timing (RSI) para carteira atual...
2026-10-01 00:58:32,384 - INFO - Iniciando Backtest Comparativo Triplo (12 meses)...
2026-10-01 00:58:33,897 - INFO - Backtest Triplo gerado com sucesso! Colunas: ['IBOVESPA', 'CARTEIRA_ELITE', 'MINHA_CARTEIRA']
2026-10-01 00:58:33,898 - INFO - Pipeline de Análise de Ações concluído com sucesso!
2026-10-01 00:58:33,898 - INFO - --- Pipeline Finalizado com Sucesso ---
